// Jest Snapshot v1, https://goo.gl/fbAQLP

exports[`should create a namespace 1`] = `
Object {
  "apiVersion": "v1",
  "kind": "Namespace",
  "metadata": Object {
    "annotations": Object {
      "field.cattle.io/creatorId": "github",
      "field.cattle.io/projectId": "",
      "git/branch": "",
      "git/remote": "some-org/some-app",
    },
    "labels": Object {
      "app.github.com/job": "9879786",
      "app.github.com/repo": "some-org/some-app",
      "app.github.com/run": "123456",
      "app.github.com/sha": "a23b784",
    },
    "name": "a23b784-some-app",
  },
}
`;

exports[`should create a namespace with extra labels and annotations 1`] = `
Object {
  "apiVersion": "v1",
  "kind": "Namespace",
  "metadata": Object {
    "annotations": Object {
      "field.cattle.io/creatorId": "github",
      "field.cattle.io/projectId": "",
      "git/branch": "",
      "git/remote": "some-org/some-app",
    },
    "labels": Object {
      "app.github.com/job": "9879786",
      "app.github.com/repo": "some-org/some-app",
      "app.github.com/run": "123456",
      "app.github.com/sha": "a23b784",
    },
    "name": "a23b784-some-app",
  },
}
`;
