// Jest Snapshot v1, https://goo.gl/fbAQLP

exports[`--env dev : should generate dev manifest 1`] = `
"---
apiVersion: v1
kind: Namespace
metadata:
  annotations:
    socialgouv/creator: autodevops
    janitor/ttl: 7d
    field.cattle.io/creatorId: gitlab
    field.cattle.io/projectId: c-bd7z2:p-7ms8p
    git/branch: refs/heads/e2e-branch
    git/remote: socialgouv/sample-next-app
    app.github.com/job: xxxxxxx-job
    app.github.com/ref: refs/heads/e2e-branch
    app.github.com/repo: socialgouv/sample-next-app
    app.github.com/run: '12345'
    app.github.com/sha: '8843083'
  labels:
    azure-pg-admin-user: sample-next-app
    application: sample-next-app
    component: sample-next-app
    owner: sample-next-app
    team: sample-next-app
    cert: wildcard
  name: sample-next-app-e2e-branch
---
apiVersion: apps/v1
kind: Deployment
metadata:
  annotations:
    kapp.k14s.io/disable-default-ownership-label-rules: ''
    kapp.k14s.io/disable-default-label-scoping-rules: ''
    app.github.com/job: xxxxxxx-job
    app.github.com/ref: refs/heads/e2e-branch
    app.github.com/repo: socialgouv/sample-next-app
    app.github.com/run: '12345'
    app.github.com/sha: '8843083'
  labels:
    app: hasura
    application: sample-next-app
    component: hasura
    owner: sample-next-app
    team: sample-next-app
    cert: wildcard
  name: hasura
  namespace: sample-next-app-e2e-branch
spec:
  replicas: 1
  selector:
    matchLabels:
      app: hasura
  template:
    metadata:
      annotations:
        kapp.k14s.io/disable-default-ownership-label-rules: ''
        kapp.k14s.io/disable-default-label-scoping-rules: ''
        app.github.com/job: xxxxxxx-job
        app.github.com/ref: refs/heads/e2e-branch
        app.github.com/repo: socialgouv/sample-next-app
        app.github.com/run: '12345'
        app.github.com/sha: '8843083'
      labels:
        app: hasura
        application: sample-next-app
        component: hasura
        owner: sample-next-app
        team: sample-next-app
        cert: wildcard
    spec:
      containers:
        - image: hasura/graphql-engine:latest
          livenessProbe:
            failureThreshold: 6
            httpGet:
              path: /healthz
              port: http
            initialDelaySeconds: 30
            periodSeconds: 5
            timeoutSeconds: 5
          name: hasura
          ports:
            - containerPort: 80
              name: http
          readinessProbe:
            failureThreshold: 15
            httpGet:
              path: /healthz
              port: http
            initialDelaySeconds: 0
            periodSeconds: 5
            successThreshold: 1
            timeoutSeconds: 1
          resources:
            limits:
              cpu: 500m
              memory: 512Mi
            requests:
              cpu: 100m
              memory: 64Mi
          startupProbe:
            failureThreshold: 12
            httpGet:
              path: /healthz
              port: http
            periodSeconds: 5
          envFrom:
            - secretRef:
                name: azure-pg-user-e2e-branch
            - configMapRef:
                name: hasura-configmap
      initContainers:
        - env:
            - name: WAIT_FOR_RETRIES
              value: '24'
          envFrom:
            - secretRef:
                name: azure-pg-user-e2e-branch
          image: ghcr.io/socialgouv/docker/wait-for-postgres:6.56.1
          imagePullPolicy: Always
          name: wait-for-postgres
          resources:
            limits:
              cpu: 20m
              memory: 32Mi
            requests:
              cpu: 5m
              memory: 16Mi
---
apiVersion: v1
kind: ConfigMap
metadata:
  name: hasura-configmap
  annotations:
    kapp.k14s.io/disable-default-ownership-label-rules: ''
    kapp.k14s.io/disable-default-label-scoping-rules: ''
    app.github.com/job: xxxxxxx-job
    app.github.com/ref: refs/heads/e2e-branch
    app.github.com/repo: socialgouv/sample-next-app
    app.github.com/run: '12345'
    app.github.com/sha: '8843083'
  labels:
    application: sample-next-app
    component: hasura
    owner: sample-next-app
    team: sample-next-app
    cert: wildcard
  namespace: sample-next-app-e2e-branch
data:
  HASURA_GRAPHQL_ENABLE_CONSOLE: 'false'
  HASURA_GRAPHQL_ENABLED_LOG_TYPES: startup, http-log, webhook-log, websocket-log, query-log
  HASURA_GRAPHQL_LOG_LEVEL: debug
  HASURA_GRAPHQL_NO_OF_RETRIES: '5'
  HASURA_GRAPHQL_SERVER_PORT: '80'
  HASURA_GRAPHQL_UNAUTHORIZED_ROLE: anonymous
---
apiVersion: v1
kind: Service
metadata:
  labels:
    app: hasura
    application: sample-next-app
    component: hasura
    owner: sample-next-app
    team: sample-next-app
    cert: wildcard
  name: hasura
  annotations:
    kapp.k14s.io/disable-default-ownership-label-rules: ''
    kapp.k14s.io/disable-default-label-scoping-rules: ''
    app.github.com/job: xxxxxxx-job
    app.github.com/ref: refs/heads/e2e-branch
    app.github.com/repo: socialgouv/sample-next-app
    app.github.com/run: '12345'
    app.github.com/sha: '8843083'
  namespace: sample-next-app-e2e-branch
spec:
  ports:
    - name: http
      port: 80
      targetPort: 80
  selector:
    app: hasura
  type: ClusterIP
---
apiVersion: batch/v1
kind: Job
spec:
  backoffLimit: 5
  template:
    spec:
      containers:
        - command:
            - create-db-user
          env:
            - name: NEW_DB_NAME
              value: autodevops_e2e-branch
            - name: NEW_USER
              value: user_e2e-branch
            - name: NEW_PASSWORD
              value: password_e2e-branch
            - name: NEW_DB_EXTENSIONS
              value: hstore pgcrypto citext uuid-ossp postgis
          envFrom:
            - secretRef:
                name: azure-pg-user-e2e-branch
          image: ghcr.io/socialgouv/docker/azure-db:6.56.1
          imagePullPolicy: IfNotPresent
          name: create-db-user
          resources:
            limits:
              cpu: 300m
              memory: 256Mi
            requests:
              cpu: 100m
              memory: 64Mi
      restartPolicy: Never
  ttlSecondsAfterFinished: 86400
metadata:
  annotations:
    kapp.k14s.io/update-strategy: skip
    app.github.com/job: xxxxxxx-job
    app.github.com/ref: refs/heads/e2e-branch
    app.github.com/repo: socialgouv/sample-next-app
    app.github.com/run: '12345'
    app.github.com/sha: '8843083'
  labels:
    application: sample-next-app
    component: sample-next-app
    owner: sample-next-app
    team: sample-next-app
    cert: wildcard
  name: create-db-job-e2e-branch
  namespace: sample-next-app-e2e-branch
---
apiVersion: v1
kind: Secret
stringData:
  DATABASE_URL: >-
    postgresql://user_e2e-branch%40samplenextappdevserver.postgres.database.azure.com:password_e2e-branch@samplenextappdevserver.postgres.database.azure.com/autodevops_e2e-branch?sslmode=require
  DB_URI: >-
    postgresql://user_e2e-branch%40samplenextappdevserver.postgres.database.azure.com:password_e2e-branch@samplenextappdevserver.postgres.database.azure.com/autodevops_e2e-branch?sslmode=require
  HASURA_GRAPHQL_DATABASE_URL: >-
    postgresql://user_e2e-branch%40samplenextappdevserver.postgres.database.azure.com:password_e2e-branch@samplenextappdevserver.postgres.database.azure.com/autodevops_e2e-branch?sslmode=require
  PGDATABASE: autodevops_e2e-branch
  PGHOST: samplenextappdevserver.postgres.database.azure.com
  PGPASSWORD: password_e2e-branch
  PGRST_DB_URI: >-
    postgresql://user_e2e-branch%40samplenextappdevserver.postgres.database.azure.com:password_e2e-branch@samplenextappdevserver.postgres.database.azure.com/autodevops_e2e-branch?sslmode=require
  PGSSLMODE: require
  PGUSER: user_e2e-branch@samplenextappdevserver.postgres.database.azure.com
metadata:
  annotations:
    kapp.k14s.io/update-strategy: skip
    app.github.com/job: xxxxxxx-job
    app.github.com/ref: refs/heads/e2e-branch
    app.github.com/repo: socialgouv/sample-next-app
    app.github.com/run: '12345'
    app.github.com/sha: '8843083'
  labels:
    application: sample-next-app
    component: sample-next-app
    owner: sample-next-app
    team: sample-next-app
    cert: wildcard
  name: azure-pg-user-e2e-branch
  namespace: sample-next-app-e2e-branch
---
apiVersion: apps/v1
kind: Deployment
metadata:
  annotations:
    kapp.k14s.io/disable-default-ownership-label-rules: ''
    kapp.k14s.io/disable-default-label-scoping-rules: ''
    app.github.com/job: xxxxxxx-job
    app.github.com/ref: refs/heads/e2e-branch
    app.github.com/repo: socialgouv/sample-next-app
    app.github.com/run: '12345'
    app.github.com/sha: '8843083'
  labels:
    app: www
    application: sample-next-app
    component: sample-next-app
    owner: sample-next-app
    team: sample-next-app
    cert: wildcard
  name: www
  namespace: sample-next-app-e2e-branch
spec:
  replicas: 1
  selector:
    matchLabels:
      app: www
  template:
    metadata:
      annotations:
        kapp.k14s.io/disable-default-ownership-label-rules: ''
        kapp.k14s.io/disable-default-label-scoping-rules: ''
        app.github.com/job: xxxxxxx-job
        app.github.com/ref: refs/heads/e2e-branch
        app.github.com/repo: socialgouv/sample-next-app
        app.github.com/run: '12345'
        app.github.com/sha: '8843083'
      labels:
        app: www
        application: sample-next-app
        component: sample-next-app
        owner: sample-next-app
        team: sample-next-app
        cert: wildcard
    spec:
      containers:
        - image: >-
            harbor.fabrique.social.gouv.fr/undefined/www:sha-8843083edb7f873cad1d1420731a60773594ffae
          livenessProbe:
            failureThreshold: 6
            httpGet:
              path: /healthz
              port: http
            initialDelaySeconds: 30
            periodSeconds: 5
            timeoutSeconds: 5
          name: www
          ports:
            - containerPort: 8080
              name: http
          readinessProbe:
            failureThreshold: 15
            httpGet:
              path: /healthz
              port: http
            initialDelaySeconds: 0
            periodSeconds: 5
            successThreshold: 1
            timeoutSeconds: 1
          resources:
            limits:
              cpu: 50m
              memory: 128Mi
            requests:
              cpu: 1m
              memory: 64Mi
          startupProbe:
            failureThreshold: 12
            httpGet:
              path: /healthz
              port: http
            periodSeconds: 5
          envFrom:
            - secretRef:
                name: azure-pg-user-e2e-branch
            - configMapRef:
                name: app-configmap
      initContainers:
        - env:
            - name: WAIT_FOR_RETRIES
              value: '24'
          envFrom:
            - secretRef:
                name: azure-pg-user-e2e-branch
          image: ghcr.io/socialgouv/docker/wait-for-postgres:6.56.1
          imagePullPolicy: Always
          name: wait-for-postgres
          resources:
            limits:
              cpu: 20m
              memory: 32Mi
            requests:
              cpu: 5m
              memory: 16Mi
---
apiVersion: v1
kind: ConfigMap
metadata:
  name: app-configmap
  annotations:
    kapp.k14s.io/disable-default-ownership-label-rules: ''
    kapp.k14s.io/disable-default-label-scoping-rules: ''
    app.github.com/job: xxxxxxx-job
    app.github.com/ref: refs/heads/e2e-branch
    app.github.com/repo: socialgouv/sample-next-app
    app.github.com/run: '12345'
    app.github.com/sha: '8843083'
  labels:
    application: sample-next-app
    component: sample-next-app
    owner: sample-next-app
    team: sample-next-app
    cert: wildcard
  namespace: sample-next-app-e2e-branch
data:
  HASURA_URL: http://hasura/v1/graphql
  NODE_ENV: production
---
apiVersion: v1
kind: Service
metadata:
  labels:
    app: www
    application: sample-next-app
    component: sample-next-app
    owner: sample-next-app
    team: sample-next-app
    cert: wildcard
  name: www
  annotations:
    kapp.k14s.io/disable-default-ownership-label-rules: ''
    kapp.k14s.io/disable-default-label-scoping-rules: ''
    app.github.com/job: xxxxxxx-job
    app.github.com/ref: refs/heads/e2e-branch
    app.github.com/repo: socialgouv/sample-next-app
    app.github.com/run: '12345'
    app.github.com/sha: '8843083'
  namespace: sample-next-app-e2e-branch
spec:
  ports:
    - name: http
      port: 80
      targetPort: 8080
  selector:
    app: www
  type: ClusterIP
---
apiVersion: networking.k8s.io/v1
kind: Ingress
metadata:
  annotations:
    kubernetes.io/ingress.class: nginx
    kapp.k14s.io/disable-default-ownership-label-rules: ''
    kapp.k14s.io/disable-default-label-scoping-rules: ''
    app.github.com/job: xxxxxxx-job
    app.github.com/ref: refs/heads/e2e-branch
    app.github.com/repo: socialgouv/sample-next-app
    app.github.com/run: '12345'
    app.github.com/sha: '8843083'
  labels:
    app: www
    application: sample-next-app
    component: sample-next-app
    owner: sample-next-app
    team: sample-next-app
    cert: wildcard
  name: www
  namespace: sample-next-app-e2e-branch
spec:
  rules:
    - host: sample-next-app-e2e-branch.dev2.fabrique.social.gouv.fr
      http:
        paths:
          - backend:
              service:
                name: www
                port:
                  name: http
            path: /
            pathType: Prefix
  tls:
    - hosts:
        - sample-next-app-e2e-branch.dev2.fabrique.social.gouv.fr
      secretName: wildcard-crt"
`;
