// Jest Snapshot v1, https://goo.gl/fbAQLP

exports[`--env dev : should generate dev manifest 1`] = `
"---
metadata:
  annotations:
    app.gitlab.com/app: socialgouv-sample-next-app
    app.gitlab.com/env: e2e-branch-42
    app.gitlab.com/env.name: e2e-branch-dev
    field.cattle.io/creatorId: gitlab
    field.cattle.io/projectId: 'c-kk8xm:p-4fxg8'
    git/branch: e2e-branch
    git/remote: 'git@github.com:SocialGouv/sample-next-app.git'
  labels:
    app: sample-next-app-24-e2e-branch-42
    application: e2e-branch-42-sample-next-app
    owner: sample-next-app
    team: sample-next-app
    cert: wildcard
  name: sample-next-app-24-e2e-branch-42
apiVersion: v1
kind: Namespace
---
metadata:
  labels:
    app: www
    application: e2e-branch-42-sample-next-app
    owner: sample-next-app
    team: sample-next-app
    component: next
  name: www
  namespace: sample-next-app-24-e2e-branch-42
spec:
  replicas: 1
  selector:
    matchLabels:
      app: www
  template:
    metadata:
      labels:
        app: www
        application: e2e-branch-42-sample-next-app
        owner: sample-next-app
        team: sample-next-app
        component: next
    spec:
      containers:
        - image: >-
            registry.gitlab.factory.social.gouv.fr/socialgouv/sample-next-app:123456789
          name: www
          ports:
            - containerPort: 8080
          resources:
            limits:
              cpu: 50m
              memory: 32Mi
            requests:
              cpu: 5m
              memory: 16Mi
apiVersion: apps/v1
kind: Deployment
---
metadata:
  labels:
    app: www
    application: e2e-branch-42-sample-next-app
    owner: sample-next-app
    team: sample-next-app
    component: next
  name: www
  namespace: sample-next-app-24-e2e-branch-42
  annotations:
    appgw.ingress.kubernetes.io/ssl-redirect: 'true'
    kubernetes.io/ingress.class: azure/application-gateway
spec:
  rules:
    - host: e2e-branch-42-sample-next-app.dev.fabrique.social.gouv.fr
      http:
        paths:
          - backend:
              serviceName: www
              servicePort: 80
            path: /
  tls:
    - hosts:
        - e2e-branch-42-sample-next-app.dev.fabrique.social.gouv.fr
      secretName: wildcard-crt
apiVersion: extensions/v1beta1
kind: Ingress
---
metadata:
  labels:
    app: www
    application: e2e-branch-42-sample-next-app
    owner: sample-next-app
    team: sample-next-app
    component: next
  name: www
  namespace: sample-next-app-24-e2e-branch-42
spec:
  ports:
    - port: 80
      targetPort: 8080
  selector:
    app: www
  type: ClusterIP
apiVersion: v1
kind: Service"
`;
