// Jest Snapshot v1, https://goo.gl/fbAQLP

exports[`--env prod : should generate prod manifest 1`] = `
"---
metadata:
  annotations:
    app.gitlab.com/app: socialgouv-sample-kosko
    app.gitlab.com/env: prod2
    app.gitlab.com/env.name: prod2
  labels:
    app: hasura
    application: sample-kosko
    owner: sample-kosko
    team: sample-kosko
  name: hasura
  namespace: sample-kosko
spec:
  replicas: 1
  selector:
    matchLabels:
      app: hasura
  template:
    metadata:
      annotations:
        app.gitlab.com/app: socialgouv-sample-kosko
        app.gitlab.com/env: prod2
        app.gitlab.com/env.name: prod2
      labels:
        app: hasura
        application: sample-kosko
        owner: sample-kosko
        team: sample-kosko
    spec:
      imagePullSecrets:
        - name: regcred
      containers:
        - image: >-
            registry.gitlab.factory.social.gouv.fr/socialgouv/sample-kosko/hasura:1.2.3
          livenessProbe:
            failureThreshold: 6
            httpGet:
              path: /healthz
              port: http
            initialDelaySeconds: 60
            periodSeconds: 20
            timeoutSeconds: 5
          name: hasura
          ports:
            - containerPort: 80
              name: http
          readinessProbe:
            failureThreshold: 15
            httpGet:
              path: /healthz
              port: http
            initialDelaySeconds: 60
            periodSeconds: 20
            successThreshold: 1
            timeoutSeconds: 1
          resources:
            limits:
              cpu: 500m
              memory: 256Mi
            requests:
              cpu: 100m
              memory: 64Mi
          startupProbe:
            failureThreshold: 12
            httpGet:
              path: /healthz
              port: http
            periodSeconds: 5
          envFrom:
            - secretRef:
                name: azure-pg-user
      initContainers:
        - name: wait-for-postgres
          image: >-
            registry.gitlab.factory.social.gouv.fr/socialgouv/docker/wait-for-postgres:1.60.0
          imagePullPolicy: Always
          resources:
            requests:
              cpu: 5m
              memory: 16Mi
            limits:
              cpu: 20m
              memory: 32Mi
          envFrom:
            - secretRef:
                name: azure-pg-user
          env:
            - name: WAIT_FOR_RETRIES
              value: '24'
apiVersion: apps/v1
kind: Deployment
---
metadata:
  labels:
    app: hasura
    application: sample-kosko
    owner: sample-kosko
    team: sample-kosko
  name: hasura
  annotations:
    app.gitlab.com/app: socialgouv-sample-kosko
    app.gitlab.com/env: prod2
    app.gitlab.com/env.name: prod2
  namespace: sample-kosko
spec:
  ports:
    - port: 80
      targetPort: 80
  selector:
    app: hasura
  type: ClusterIP
apiVersion: v1
kind: Service
---
metadata:
  annotations:
    app.gitlab.com/app: socialgouv-sample-kosko
    app.gitlab.com/env: prod2
    app.gitlab.com/env.name: prod2
  labels:
    app: pgweb
    application: sample-kosko
    owner: sample-kosko
    team: sample-kosko
  name: pgweb
  namespace: sample-kosko
spec:
  replicas: 1
  selector:
    matchLabels:
      app: pgweb
  template:
    metadata:
      annotations:
        app.gitlab.com/app: socialgouv-sample-kosko
        app.gitlab.com/env: prod2
        app.gitlab.com/env.name: prod2
      labels:
        app: pgweb
        application: sample-kosko
        owner: sample-kosko
        team: sample-kosko
    spec:
      containers:
        - image: 'sosedoff/pgweb:latest'
          livenessProbe:
            failureThreshold: 6
            httpGet:
              path: /
              port: http
            initialDelaySeconds: 5
            periodSeconds: 5
            timeoutSeconds: 3
          name: pgweb
          ports:
            - containerPort: 8081
              name: http
          readinessProbe:
            failureThreshold: 15
            httpGet:
              path: /
              port: http
            initialDelaySeconds: 5
            periodSeconds: 5
            successThreshold: 1
            timeoutSeconds: 3
          resources:
            limits:
              cpu: 500m
              memory: 256Mi
            requests:
              cpu: 100m
              memory: 64Mi
          startupProbe:
            failureThreshold: 12
            httpGet:
              path: /healthz
              port: http
            periodSeconds: 5
          envFrom:
            - secretRef:
                name: azure-pg-user
      initContainers:
        - name: wait-for-postgres
          image: >-
            registry.gitlab.factory.social.gouv.fr/socialgouv/docker/wait-for-postgres:1.60.0
          imagePullPolicy: Always
          resources:
            requests:
              cpu: 5m
              memory: 16Mi
            limits:
              cpu: 20m
              memory: 32Mi
          envFrom:
            - secretRef:
                name: azure-pg-user
          env:
            - name: WAIT_FOR_RETRIES
              value: '24'
apiVersion: apps/v1
kind: Deployment
---
metadata:
  labels:
    app: pgweb
    application: sample-kosko
    owner: sample-kosko
    team: sample-kosko
  name: pgweb
  annotations:
    app.gitlab.com/app: socialgouv-sample-kosko
    app.gitlab.com/env: prod2
    app.gitlab.com/env.name: prod2
  namespace: sample-kosko
spec:
  ports:
    - port: 80
      targetPort: 8081
  selector:
    app: pgweb
  type: ClusterIP
apiVersion: v1
kind: Service
---
metadata:
  annotations:
    kubernetes.io/ingress.class: nginx
    certmanager.k8s.io/cluster-issuer: letsencrypt-prod
    kubernetes.io/tls-acme: 'true'
    app.gitlab.com/app: socialgouv-sample-kosko
    app.gitlab.com/env: prod2
    app.gitlab.com/env.name: prod2
  labels:
    app: pgweb
    application: sample-kosko
    owner: sample-kosko
    team: sample-kosko
  name: pgweb
  namespace: sample-kosko
spec:
  rules:
    - host: pgweb.sample-kosko.fabrique.social.gouv.fr
      http:
        paths:
          - backend:
              serviceName: pgweb
              servicePort: 80
            path: /
  tls:
    - hosts:
        - pgweb.sample-kosko.fabrique.social.gouv.fr
      secretName: pgweb-crt
apiVersion: extensions/v1beta1
kind: Ingress
---
metadata:
  annotations:
    app.gitlab.com/app: socialgouv-sample-kosko
    app.gitlab.com/env: prod2
    app.gitlab.com/env.name: prod2
  labels:
    app: redis
    application: sample-kosko
    owner: sample-kosko
    team: sample-kosko
  name: redis
  namespace: sample-kosko
spec:
  replicas: 1
  selector:
    matchLabels:
      app: redis
  template:
    metadata:
      annotations:
        app.gitlab.com/app: socialgouv-sample-kosko
        app.gitlab.com/env: prod2
        app.gitlab.com/env.name: prod2
      labels:
        app: redis
        application: sample-kosko
        owner: sample-kosko
        team: sample-kosko
    spec:
      containers:
        - image: 'redis:6.0.5-alpine3.12'
          livenessProbe:
            failureThreshold: 6
            initialDelaySeconds: 30
            periodSeconds: 5
            timeoutSeconds: 5
            exec:
              command:
                - sh
                - '-c'
                - redis-cli ping
          name: redis
          ports:
            - containerPort: 6379
              name: http
          readinessProbe:
            failureThreshold: 15
            initialDelaySeconds: 0
            periodSeconds: 5
            successThreshold: 1
            timeoutSeconds: 1
            exec:
              command:
                - sh
                - '-c'
                - redis-cli ping
          resources:
            limits:
              cpu: 500m
              memory: 128Mi
            requests:
              cpu: 5m
              memory: 16Mi
          startupProbe:
            failureThreshold: 12
            periodSeconds: 5
            exec:
              command:
                - sh
                - '-c'
                - redis-cli ping
apiVersion: apps/v1
kind: Deployment
---
metadata:
  labels:
    app: redis
    application: sample-kosko
    owner: sample-kosko
    team: sample-kosko
  name: redis
  annotations:
    app.gitlab.com/app: socialgouv-sample-kosko
    app.gitlab.com/env: prod2
    app.gitlab.com/env.name: prod2
  namespace: sample-kosko
spec:
  ports:
    - port: 80
      targetPort: 6379
  selector:
    app: redis
  type: ClusterIP
apiVersion: v1
kind: Service
---
metadata:
  annotations:
    app.gitlab.com/app: socialgouv-sample-kosko
    app.gitlab.com/env: prod2
    app.gitlab.com/env.name: prod2
  labels:
    app: www
    application: sample-kosko
    owner: sample-kosko
    team: sample-kosko
    component: next
  name: www
  namespace: sample-kosko
spec:
  replicas: 1
  selector:
    matchLabels:
      app: www
  template:
    metadata:
      annotations:
        app.gitlab.com/app: socialgouv-sample-kosko
        app.gitlab.com/env: prod2
        app.gitlab.com/env.name: prod2
      labels:
        app: www
        application: sample-kosko
        owner: sample-kosko
        team: sample-kosko
        component: next
    spec:
      imagePullSecrets:
        - name: some-secret
      containers:
        - image: >-
            registry.gitlab.factory.social.gouv.fr/socialgouv/sample-kosko/www:1.2.3
          livenessProbe:
            failureThreshold: 6
            httpGet:
              path: /healthz
              port: http
            initialDelaySeconds: 30
            periodSeconds: 5
            timeoutSeconds: 5
          name: www
          ports:
            - containerPort: 8080
              name: http
          readinessProbe:
            failureThreshold: 15
            httpGet:
              path: /healthz
              port: http
            initialDelaySeconds: 0
            periodSeconds: 5
            successThreshold: 1
            timeoutSeconds: 1
          resources:
            limits:
              cpu: 50m
              memory: 128Mi
            requests:
              cpu: 1m
              memory: 64Mi
          startupProbe:
            failureThreshold: 12
            httpGet:
              path: /healthz
              port: http
            periodSeconds: 5
          envFrom:
            - secretRef:
                name: azure-pg-user
      initContainers:
        - name: wait-for-postgres
          image: >-
            registry.gitlab.factory.social.gouv.fr/socialgouv/docker/wait-for-postgres:1.60.0
          imagePullPolicy: Always
          resources:
            requests:
              cpu: 5m
              memory: 16Mi
            limits:
              cpu: 20m
              memory: 32Mi
          envFrom:
            - secretRef:
                name: azure-pg-user
          env:
            - name: WAIT_FOR_RETRIES
              value: '24'
apiVersion: apps/v1
kind: Deployment
---
metadata:
  labels:
    app: www
    application: sample-kosko
    owner: sample-kosko
    team: sample-kosko
  name: www
  annotations:
    app.gitlab.com/app: socialgouv-sample-kosko
    app.gitlab.com/env: prod2
    app.gitlab.com/env.name: prod2
  namespace: sample-kosko
spec:
  ports:
    - port: 80
      targetPort: 8080
  selector:
    app: www
  type: ClusterIP
apiVersion: v1
kind: Service
---
metadata:
  annotations:
    kubernetes.io/ingress.class: nginx
    certmanager.k8s.io/cluster-issuer: letsencrypt-prod
    kubernetes.io/tls-acme: 'true'
    app.gitlab.com/app: socialgouv-sample-kosko
    app.gitlab.com/env: prod2
    app.gitlab.com/env.name: prod2
  labels:
    app: www
    application: sample-kosko
    owner: sample-kosko
    team: sample-kosko
  name: www
  namespace: sample-kosko
spec:
  rules:
    - host: sample-kosko.fabrique.social.gouv.fr
      http:
        paths:
          - backend:
              serviceName: www
              servicePort: 80
            path: /
  tls:
    - hosts:
        - sample-kosko.fabrique.social.gouv.fr
      secretName: www-crt
apiVersion: extensions/v1beta1
kind: Ingress"
`;
