// Jest Snapshot v1, https://goo.gl/fbAQLP

exports[`should create hasura dev config 1`] = `
Array [
  "hasura",
  Object {
    "config": Object {
      "container": Object {
        "resources": Object {
          "limits": Object {
            "cpu": "500m",
            "memory": "512Mi",
          },
          "requests": Object {
            "cpu": "100m",
            "memory": "64Mi",
          },
        },
      },
      "containerPort": 80,
      "image": "hasura/graphql-engine:latest",
      "ingress": false,
      "labels": Object {
        "component": "hasura",
      },
      "subDomainPrefix": "hasura-",
      "withPostgres": true,
    },
    "deployment": Object {},
    "env": Object {
      "component": [Function],
      "cwd": "/tmp",
      "extensions": Array [
        "cjs",
        "mjs",
      ],
      "global": [Function],
      "paths": Object {
        "component": "environments/#{environment}/#{component}",
        "global": "environments/#{environment}",
      },
      "resetReducers": [Function],
      "setReducers": [Function],
    },
  },
]
`;

exports[`should create hasura prod config 1`] = `
Array [
  "hasura",
  Object {
    "config": Object {
      "container": Object {
        "resources": Object {
          "limits": Object {
            "cpu": "500m",
            "memory": "512Mi",
          },
          "requests": Object {
            "cpu": "100m",
            "memory": "64Mi",
          },
        },
      },
      "containerPort": 80,
      "image": "hasura/graphql-engine:latest",
      "ingress": false,
      "labels": Object {
        "component": "hasura",
      },
      "subDomainPrefix": "hasura-",
      "withPostgres": true,
    },
    "deployment": Object {},
    "env": Object {
      "component": [Function],
      "cwd": "/tmp",
      "extensions": Array [
        "cjs",
        "mjs",
      ],
      "global": [Function],
      "paths": Object {
        "component": "environments/#{environment}/#{component}",
        "global": "environments/#{environment}",
      },
      "resetReducers": [Function],
      "setReducers": [Function],
    },
  },
]
`;
