// Jest Snapshot v1, https://goo.gl/fbAQLP

exports[`should succeed validating a valid value 1`] = `
Object {
  "args": Array [
    "http://service:4242",
  ],
  "image": "registry.gitlab.factory.social.gouv.fr/socialgouv/docker/wait-for-http:5.0.1",
  "imagePullPolicy": "Always",
  "name": "wait-for-some-service",
  "resources": Object {
    "limits": Object {
      "cpu": "20m",
      "memory": "32Mi",
    },
    "requests": Object {
      "cpu": "5m",
      "memory": "16Mi",
    },
  },
}
`;
