// Jest Snapshot v1, https://goo.gl/fbAQLP

exports[`azurepg: kosko generate --dev 1`] = `
"---
apiVersion: apps/v1
kind: Deployment
metadata:
  annotations:
    kapp.k14s.io/disable-default-ownership-label-rules: ''
    kapp.k14s.io/disable-default-label-scoping-rules: ''
    app.gitlab.com/app: socialgouv-sample-kosko
    app.gitlab.com/env: e2e-branch-42
    app.gitlab.com/env.name: e2e-branch-dev2
  labels:
    app: myapp
    application: e2e-branch-42-sample-kosko
    component: e2e-branch-42-sample-kosko
    owner: sample-kosko
    team: sample-kosko
    cert: wildcard
  name: myapp
  namespace: sample-kosko-24-e2e-branch-42
spec:
  replicas: 1
  selector:
    matchLabels:
      app: myapp
  template:
    metadata:
      annotations:
        kapp.k14s.io/disable-default-ownership-label-rules: ''
        kapp.k14s.io/disable-default-label-scoping-rules: ''
        app.gitlab.com/app: socialgouv-sample-kosko
        app.gitlab.com/env: e2e-branch-42
        app.gitlab.com/env.name: e2e-branch-dev2
      labels:
        app: myapp
        application: e2e-branch-42-sample-kosko
        component: e2e-branch-42-sample-kosko
        owner: sample-kosko
        team: sample-kosko
        cert: wildcard
    spec:
      containers:
        - image: >-
            harbor.fabrique.social.gouv.fr/undefined/myapp:8843083edb7f873cad1d1420731a60773594ffae
          livenessProbe:
            failureThreshold: 6
            httpGet:
              path: /healthz
              port: http
            initialDelaySeconds: 30
            periodSeconds: 5
            timeoutSeconds: 5
          name: myapp
          ports:
            - containerPort: 3000
              name: http
          readinessProbe:
            failureThreshold: 15
            httpGet:
              path: /healthz
              port: http
            initialDelaySeconds: 0
            periodSeconds: 5
            successThreshold: 1
            timeoutSeconds: 1
          resources:
            limits:
              cpu: 200m
              memory: 256Mi
            requests:
              cpu: 50m
              memory: 128Mi
          startupProbe:
            failureThreshold: 12
            httpGet:
              path: /healthz
              port: http
            periodSeconds: 5
          envFrom:
            - secretRef:
                name: pg-user-e2e-branch
          env:
            - name: APP_BASE_URL
              value: https://e2e-branch-42-sample-kosko.dev2.fabrique.social.gouv.fr
      initContainers:
        - env:
            - name: WAIT_FOR_RETRIES
              value: '24'
          envFrom:
            - secretRef:
                name: pg-user-e2e-branch
          image: ghcr.io/socialgouv/docker/wait-for-postgres:6.56.1
          imagePullPolicy: Always
          name: wait-for-postgres
          resources:
            limits:
              cpu: 20m
              memory: 32Mi
            requests:
              cpu: 5m
              memory: 16Mi
---
apiVersion: v1
kind: Service
metadata:
  labels:
    app: myapp
    application: e2e-branch-42-sample-kosko
    component: e2e-branch-42-sample-kosko
    owner: sample-kosko
    team: sample-kosko
    cert: wildcard
  name: myapp
  annotations:
    kapp.k14s.io/disable-default-ownership-label-rules: ''
    kapp.k14s.io/disable-default-label-scoping-rules: ''
    app.gitlab.com/app: socialgouv-sample-kosko
    app.gitlab.com/env: e2e-branch-42
    app.gitlab.com/env.name: e2e-branch-dev2
  namespace: sample-kosko-24-e2e-branch-42
spec:
  ports:
    - name: http
      port: 80
      targetPort: 3000
  selector:
    app: myapp
  type: ClusterIP
---
apiVersion: networking.k8s.io/v1
kind: Ingress
metadata:
  annotations:
    kubernetes.io/ingress.class: nginx
    kapp.k14s.io/disable-default-ownership-label-rules: ''
    kapp.k14s.io/disable-default-label-scoping-rules: ''
    app.gitlab.com/app: socialgouv-sample-kosko
    app.gitlab.com/env: e2e-branch-42
    app.gitlab.com/env.name: e2e-branch-dev2
  labels:
    app: myapp
    application: e2e-branch-42-sample-kosko
    component: e2e-branch-42-sample-kosko
    owner: sample-kosko
    team: sample-kosko
    cert: wildcard
  name: myapp
  namespace: sample-kosko-24-e2e-branch-42
spec:
  rules:
    - host: e2e-branch-42-sample-kosko.dev2.fabrique.social.gouv.fr
      http:
        paths:
          - backend:
              service:
                name: myapp
                port:
                  name: http
            path: /
            pathType: Prefix
  tls:
    - hosts:
        - e2e-branch-42-sample-kosko.dev2.fabrique.social.gouv.fr
      secretName: wildcard-crt
---
apiVersion: networking.k8s.io/v1
kind: NetworkPolicy
metadata:
  name: netpol-sample-kosko-24-e2e-branch-42
  namespace: sample-kosko-24-e2e-branch-42
spec:
  ingress:
    - from:
        - podSelector: {}
    - from:
        - namespaceSelector:
            matchLabels:
              network-policy/source: ingress-controller
    - from:
        - namespaceSelector:
            matchLabels:
              network-policy/source: monitoring
  podSelector: {}
  policyTypes:
    - Ingress
---
apiVersion: batch/v1
kind: Job
spec:
  backoffLimit: 5
  template:
    spec:
      containers:
        - command:
            - create-db-user
          env:
            - name: NEW_DB_NAME
              value: autodevops_e2e-branch
            - name: NEW_USER
              value: user_e2e-branch
            - name: NEW_PASSWORD
              value: password_e2e-branch
            - name: NEW_DB_EXTENSIONS
              value: hstore pgcrypto citext uuid-ossp
          envFrom:
            - secretRef:
                name: azure-pg-admin-user
          image: ghcr.io/socialgouv/docker/azure-db:6.56.1
          imagePullPolicy: IfNotPresent
          name: create-db-user
          resources:
            limits:
              cpu: 300m
              memory: 256Mi
            requests:
              cpu: 100m
              memory: 64Mi
      restartPolicy: Never
  ttlSecondsAfterFinished: 86400
metadata:
  annotations:
    kapp.k14s.io/update-strategy: skip
    app.gitlab.com/app: socialgouv-sample-kosko
    app.gitlab.com/env: e2e-branch-42
    app.gitlab.com/env.name: e2e-branch-dev2
  labels:
    application: e2e-branch-42-sample-kosko
    component: e2e-branch-42-sample-kosko
    owner: sample-kosko
    team: sample-kosko
    cert: wildcard
  name: create-db-job-e2e-branch
  namespace: sample-kosko-24-e2e-branch-42
---
apiVersion: v1
kind: Secret
stringData:
  DATABASE_URL: >-
    postgresql://user_e2e-branch%40samplekoskodevserver.postgres.database.azure.com:password_e2e-branch@samplekoskodevserver.postgres.database.azure.com/autodevops_e2e-branch?sslmode=require
  DB_URI: >-
    postgresql://user_e2e-branch%40samplekoskodevserver.postgres.database.azure.com:password_e2e-branch@samplekoskodevserver.postgres.database.azure.com/autodevops_e2e-branch?sslmode=require
  HASURA_GRAPHQL_DATABASE_URL: >-
    postgresql://user_e2e-branch%40samplekoskodevserver.postgres.database.azure.com:password_e2e-branch@samplekoskodevserver.postgres.database.azure.com/autodevops_e2e-branch?sslmode=require
  PGDATABASE: autodevops_e2e-branch
  PGHOST: samplekoskodevserver.postgres.database.azure.com
  PGPASSWORD: password_e2e-branch
  PGRST_DB_URI: >-
    postgresql://user_e2e-branch%40samplekoskodevserver.postgres.database.azure.com:password_e2e-branch@samplekoskodevserver.postgres.database.azure.com/autodevops_e2e-branch?sslmode=require
  PGSSLMODE: require
  PGUSER: user_e2e-branch@samplekoskodevserver.postgres.database.azure.com
metadata:
  annotations:
    kapp.k14s.io/update-strategy: skip
    app.gitlab.com/app: socialgouv-sample-kosko
    app.gitlab.com/env: e2e-branch-42
    app.gitlab.com/env.name: e2e-branch-dev2
  labels:
    application: e2e-branch-42-sample-kosko
    component: e2e-branch-42-sample-kosko
    owner: sample-kosko
    team: sample-kosko
    cert: wildcard
  name: pg-user-e2e-branch
  namespace: sample-kosko-24-e2e-branch-42"
`;
