// Jest Snapshot v1, https://goo.gl/fbAQLP

exports[`--env dev : should generate dev manifest 1`] = `
"---
apiVersion: v1
kind: Namespace
metadata:
  annotations:
    socialgouv/creator: autodevops
    janitor/ttl: 15d
    field.cattle.io/creatorId: gitlab
    field.cattle.io/projectId: c-bd7z2:p-7ms8p
    git/branch: e2e-branch
    git/remote: git@github.com:SocialGouv/sample-kosko.git
    app.gitlab.com/app: socialgouv-sample-kosko
    app.gitlab.com/env: e2e-branch-42
    app.gitlab.com/env.name: e2e-branch-dev2
  labels:
    azure-pg-admin-user: sample-kosko
    application: e2e-branch-42-sample-kosko
    component: e2e-branch-42-sample-kosko
    owner: sample-kosko
    team: sample-kosko
    cert: wildcard
  name: sample-kosko-24-e2e-branch-42
---
apiVersion: apps/v1
kind: Deployment
metadata:
  annotations:
    kapp.k14s.io/disable-default-ownership-label-rules: ''
    kapp.k14s.io/disable-default-label-scoping-rules: ''
    app.gitlab.com/app: socialgouv-sample-kosko
    app.gitlab.com/env: e2e-branch-42
    app.gitlab.com/env.name: e2e-branch-dev2
  labels:
    app: redis
    application: e2e-branch-42-sample-kosko
    component: e2e-branch-42-sample-kosko
    owner: sample-kosko
    team: sample-kosko
    cert: wildcard
  name: redis
  namespace: sample-kosko-24-e2e-branch-42
spec:
  replicas: 1
  selector:
    matchLabels:
      app: redis
  template:
    metadata:
      annotations:
        kapp.k14s.io/disable-default-ownership-label-rules: ''
        kapp.k14s.io/disable-default-label-scoping-rules: ''
        app.gitlab.com/app: socialgouv-sample-kosko
        app.gitlab.com/env: e2e-branch-42
        app.gitlab.com/env.name: e2e-branch-dev2
      labels:
        app: redis
        application: e2e-branch-42-sample-kosko
        component: e2e-branch-42-sample-kosko
        owner: sample-kosko
        team: sample-kosko
        cert: wildcard
    spec:
      containers:
        - image: redis:6.2.5-alpine3.14
          livenessProbe:
            failureThreshold: 6
            initialDelaySeconds: 30
            periodSeconds: 5
            timeoutSeconds: 5
            exec:
              command:
                - sh
                - '-c'
                - redis-cli ping
          name: redis
          ports:
            - containerPort: 6379
              name: http
          readinessProbe:
            failureThreshold: 15
            initialDelaySeconds: 0
            periodSeconds: 5
            successThreshold: 1
            timeoutSeconds: 1
            exec:
              command:
                - sh
                - '-c'
                - redis-cli ping
          resources:
            limits:
              cpu: 500m
              memory: 128Mi
            requests:
              cpu: 5m
              memory: 16Mi
          startupProbe:
            failureThreshold: 12
            periodSeconds: 5
            exec:
              command:
                - sh
                - '-c'
                - redis-cli ping
---
apiVersion: v1
kind: Service
metadata:
  labels:
    app: redis
    application: e2e-branch-42-sample-kosko
    component: e2e-branch-42-sample-kosko
    owner: sample-kosko
    team: sample-kosko
    cert: wildcard
  name: redis
  annotations:
    kapp.k14s.io/disable-default-ownership-label-rules: ''
    kapp.k14s.io/disable-default-label-scoping-rules: ''
    app.gitlab.com/app: socialgouv-sample-kosko
    app.gitlab.com/env: e2e-branch-42
    app.gitlab.com/env.name: e2e-branch-dev2
  namespace: sample-kosko-24-e2e-branch-42
spec:
  ports:
    - name: http
      port: 80
      targetPort: 6379
  selector:
    app: redis
  type: ClusterIP"
`;
