// Jest Snapshot v1, https://goo.gl/fbAQLP

exports[`pta generate --env dev : should generate a kitchen sink dev manifest 1`] = `
"@/e2e/testing
TAP version 13
# Subtest: @/testing/cases/dev.js
    # Subtest: should dev greet
        ok 1 - should be equivalent
        1..1
    ok 1 - should dev greet # Xms
    1..1
ok 1 - @/testing/cases/dev.js # Xms
1..1

# ok
# success: 1
# skipped: 0
# failure: 0"
`;
